// Jest Snapshot v1, https://goo.gl/fbAQLP

exports[`EmptyList renders correctly 1`] = `
<RNCSafeAreaProvider
  onInsetsChange={[Function]}
  style={
    [
      {
        "flex": 1,
      },
      undefined,
    ]
  }
>
  <View
    dataSet={{}}
    style={
      {
        "alignItems": "center",
        "display": "flex",
        "flex": 1,
        "justifyContent": "center",
        "minHeight": 200,
      }
    }
  >
    <Text
      dataSet={{}}
      style={
        {
          "backgroundColor": undefined,
          "color": "#a1a1aa",
          "fontFamily": undefined,
          "fontSize": 14,
          "fontStyle": "normal",
          "fontWeight": "400",
          "letterSpacing": 0,
          "lineHeight": 21,
          "textAlign": "center",
          "textDecorationLine": undefined,
          "width": "80%",
        }
      }
      testID="empty-list-message"
    >
      Empty List
    </Text>
  </View>
</RNCSafeAreaProvider>
`;
